#-----------------------------------------------------------
# Vivado v2021.1 (64-bit)
# SW Build 3247384 on Thu Jun 10 19:36:07 MDT 2021
# IP Build 3246043 on Fri Jun 11 00:30:35 MDT 2021
# Start of session at: Wed Oct  6 12:15:10 2021
# Process ID: 13907
# Current directory: /home/ko/Desktop/elec3342/mcdecoder
# Command line: vivado /home/ko/Desktop/elec3342/mcdecoder/mcdecoder.xpr
# Log file: /home/ko/Desktop/elec3342/mcdecoder/vivado.log
# Journal file: /home/ko/Desktop/elec3342/mcdecoder/vivado.jou
#-----------------------------------------------------------
start_gui
open_project /home/ko/Desktop/elec3342/mcdecoder/mcdecoder.xpr
update_compile_order -fileset sources_1
reset_run synth_1
launch_runs synth_1 -jobs 8
wait_on_run synth_1
reset_run synth_1
launch_runs synth_1 -jobs 8
wait_on_run synth_1
reset_run synth_1
launch_runs synth_1 -jobs 8
wait_on_run synth_1
reset_run synth_1
launch_runs synth_1 -jobs 8
wait_on_run synth_1
reset_run synth_1
launch_runs synth_1 -jobs 8
wait_on_run synth_1
reset_run synth_1
launch_runs synth_1 -jobs 8
wait_on_run synth_1
launch_simulation
reset_run synth_1
launch_runs synth_1 -jobs 8
wait_on_run synth_1
launch_simulation
source Testbench.tcl
close_sim
launch_simulation
source Testbench.tcl
add_bp {/home/ko/Desktop/tb_mcdecoder.vhd} 42
add_bp {/home/ko/Desktop/tb_mcdecoder.vhd} 43
add_bp {/home/ko/Desktop/tb_mcdecoder.vhd} 44
remove_bps -file {/home/ko/Desktop/tb_mcdecoder.vhd} -line 43
relaunch_sim
remove_bps -file {/home/ko/Desktop/tb_mcdecoder.vhd} -line 42
add_bp {/home/ko/Desktop/tb_mcdecoder.vhd} 42
run all
run all
run all
run all
run all
remove_bps -file {/home/ko/Desktop/tb_mcdecoder.vhd} -line 42
remove_bps -file {/home/ko/Desktop/tb_mcdecoder.vhd} -line 44
run all
close_sim
launch_simulation
source Testbench.tcl
run all
reset_run synth_1
launch_runs synth_1 -jobs 8
wait_on_run synth_1
add_bp {/home/ko/Desktop/mcdecoder.vhd} 88
add_bp {/home/ko/Desktop/mcdecoder.vhd} 65
add_bp {/home/ko/Desktop/mcdecoder.vhd} 199
reset_run synth_1
launch_runs synth_1 -jobs 8
wait_on_run synth_1
close_sim
launch_simulation
source Testbench.tcl
run all
run all
run all
run all
run all
run all
run all
run all
run all
run all
run all
run all
run all
run all
run all
run all
run all
run all
run all
run all
run all
run all
run all
run all
run all
run all
run all
run all
run all
run all
run all
run all
run all
remove_bps -file {/home/ko/Desktop/mcdecoder.vhd} -line 88
run all
run all
run all
reset_run synth_1
launch_runs synth_1 -jobs 8
wait_on_run synth_1
reset_run synth_1
launch_runs synth_1 -jobs 8
wait_on_run synth_1
reset_run synth_1
launch_runs synth_1 -jobs 8
wait_on_run synth_1
close_sim
launch_simulation
source Testbench.tcl
run all
run all
run all
run all
run all
add_bp {/home/ko/Desktop/mcdecoder.vhd} 88
run all
restart
run all
run all
run all
run all
run all
run all
run all
run all
run all
run all
run all
run all
run all
run all
run all
run all
run all
run all
run all
run all
run all
run all
run all
run all
run all
run all
run all
restart
reset_run synth_1
launch_runs synth_1 -jobs 8
wait_on_run synth_1
close_sim
launch_simulation
reset_run synth_1
launch_runs synth_1 -jobs 8
wait_on_run synth_1
reset_run synth_1
launch_runs synth_1 -jobs 8
wait_on_run synth_1
reset_run synth_1
launch_runs synth_1 -jobs 8
wait_on_run synth_1
launch_simulation
reset_run synth_1
launch_runs synth_1 -jobs 8
wait_on_run synth_1
launch_simulation
source Testbench.tcl
run all
run all
run all
run all
run all
run all
run all
run all
run all
run all
run all
remove_bps -file {/home/ko/Desktop/mcdecoder.vhd} -line 88
run all
run all
run all
add_bp {/home/ko/Desktop/mcdecoder.vhd} 198
remove_bps -file {/home/ko/Desktop/mcdecoder.vhd} -line 199
remove_bps -file {/home/ko/Desktop/mcdecoder.vhd} -line 198
close_sim
launch_simulation
source Testbench.tcl
run all
reset_run synth_1
launch_runs synth_1 -jobs 8
wait_on_run synth_1
close_sim
launch_simulation
source Testbench.tcl
run all
remove_bps -file {/home/ko/Desktop/mcdecoder.vhd} -line 65
add_bp {/home/ko/Desktop/mcdecoder.vhd} 87
add_bp {/home/ko/Desktop/mcdecoder.vhd} 88
remove_bps -file {/home/ko/Desktop/mcdecoder.vhd} -line 87
remove_bps -file {/home/ko/Desktop/mcdecoder.vhd} -line 88
add_bp {/home/ko/Desktop/mcdecoder.vhd} 234
add_bp {/home/ko/Desktop/mcdecoder.vhd} 235
add_bp {/home/ko/Desktop/mcdecoder.vhd} 242
add_bp {/home/ko/Desktop/mcdecoder.vhd} 241
remove_bps -file {/home/ko/Desktop/mcdecoder.vhd} -line 242
add_bp {/home/ko/Desktop/mcdecoder.vhd} 243
remove_bps -file {/home/ko/Desktop/mcdecoder.vhd} -line 235
add_bp {/home/ko/Desktop/mcdecoder.vhd} 235
add_bp {/home/ko/Desktop/mcdecoder.vhd} 236
remove_bps -file {/home/ko/Desktop/mcdecoder.vhd} -line 235
add_bp {/home/ko/Desktop/mcdecoder.vhd} 247
add_bp {/home/ko/Desktop/mcdecoder.vhd} 248
remove_bps -file {/home/ko/Desktop/mcdecoder.vhd} -line 247
add_bp {/home/ko/Desktop/mcdecoder.vhd} 250
add_bp {/home/ko/Desktop/mcdecoder.vhd} 257
add_bp {/home/ko/Desktop/mcdecoder.vhd} 255
add_bp {/home/ko/Desktop/mcdecoder.vhd} 262
add_bp {/home/ko/Desktop/mcdecoder.vhd} 264
restart
run all
restart
add_bp {/home/ko/Desktop/mcdecoder.vhd} 230
add_bp {/home/ko/Desktop/mcdecoder.vhd} 229
remove_bps -file {/home/ko/Desktop/mcdecoder.vhd} -line 230
reset_run synth_1
launch_runs synth_1 -jobs 8
wait_on_run synth_1
close_sim
launch_simulation
source Testbench.tcl
run all
run all
run all
run all
run all
run all
run all
run all
run all
run all
run all
run all
run all
run all
run all
run all
run all
run all
run all
run all
run all
run all
run all
run all
run all
run all
run all
run all
run all
add_bp {/home/ko/Desktop/mcdecoder.vhd} 197
add_bp {/home/ko/Desktop/mcdecoder.vhd} 205
add_bp {/home/ko/Desktop/mcdecoder.vhd} 213
reset_run synth_1
launch_runs synth_1 -jobs 8
wait_on_run synth_1
close_sim
launch_simulation
source Testbench.tcl
run all
run all
run all
run all
run all
run all
run all
run all
run all
run all
run all
run all
run all
run all
run all
run all
run all
run all
run all
run all
run all
add_bp {/home/ko/Desktop/mcdecoder.vhd} 180
run all
run all
run all
run all
run all
run all
run all
run all
run all
run all
run all
run all
run all
run all
reset_run synth_1
launch_runs synth_1 -jobs 8
wait_on_run synth_1
close_sim
launch_simulation
launch_simulation
launch_simulation
source Testbench.tcl
remove_bps -file {/home/ko/Desktop/mcdecoder.vhd} -line 180
run all
remove_bps -file {/home/ko/Desktop/mcdecoder.vhd} -line 234
run all
remove_bps -file {/home/ko/Desktop/mcdecoder.vhd} -line 236
remove_bps -file {/home/ko/Desktop/mcdecoder.vhd} -line 241
run all
remove_bps -file {/home/ko/Desktop/mcdecoder.vhd} -line 248
add_bp {/home/ko/Desktop/mcdecoder.vhd} 242
remove_bps -file {/home/ko/Desktop/mcdecoder.vhd} -line 242
remove_bps -file {/home/ko/Desktop/mcdecoder.vhd} -line 243
run all
run all
close_sim
launch_simulation
source Testbench.tcl
run all
close_sim
